// Jest Snapshot v1, https://goo.gl/fbAQLP

exports[`renders when there are no items 1`] = `
<div
  className="App"
>
  <div
    className="navbar-fixed"
  >
    <nav>
      <div
        className="nav-wrapper deep-purple"
      >
        <a
          className="center brand-logo"
          href="#"
        >
          MovieSelector
        </a>
        <ul
          className="hand-on-med-and-down"
          id="nav-mobile "
        >
          <li>
            <a
              href="/"
              onClick={[Function]}
            >
              Home
            </a>
          </li>
          <li>
            <a
              href="/allmovies"
              onClick={[Function]}
            >
              Movies
            </a>
          </li>
        </ul>
      </div>
    </nav>
  </div>
  <div>
    <h1>
      Homepage
    </h1>
  </div>
  <div>
    <footer
      className="page-footer deep-purple"
    >
      <div
        className="container "
      >
        <div
          className="row"
        >
          <div
            className="col l6 s12"
          >
            <h5
              className="white-text"
            >
              Footer Content
            </h5>
            <p
              className="grey-text text-lighten-4"
            >
              You can use rows and columns here to organize your footer content.
            </p>
          </div>
          <div
            className="col l4 offset-l2 s12"
          >
            <h5
              className="white-text"
            >
              Links
            </h5>
            <ul>
              <li>
                <a
                  className="grey-text text-lighten-3"
                  href="#!"
                >
                  Link 1
                </a>
              </li>
              <li>
                <a
                  className="grey-text text-lighten-3"
                  href="#!"
                >
                  Link 2
                </a>
              </li>
              <li>
                <a
                  className="grey-text text-lighten-3"
                  href="#!"
                >
                  Link 3
                </a>
              </li>
              <li>
                <a
                  className="grey-text text-lighten-3"
                  href="#!"
                >
                  Link 4
                </a>
              </li>
            </ul>
          </div>
        </div>
      </div>
      <div
        className="footer-copyright"
      >
        <div
          className="container"
        >
          Â© 2014 Copyright Text
          <a
            className="grey-text text-lighten-4 right"
            href="#!"
          >
            More Links
          </a>
        </div>
      </div>
    </footer>
  </div>
</div>
`;
